15:03:52 **** Build of configuration Debug for project SDSP ****
make -j4 all 
arm-none-eabi-gcc "D:/2.WORK/VMC/Solar/SourceCode.z/SourceCode/MDSP/app/tool/DLOG_4CH_F.c" -mcpu=cortex-m4 -std=gnu11 -g3 -DDEBUG '-DPI=3.14159265359' -DARM_MATH_CM4 -DUSE_HAL_DRIVER -DSTM32G474xx -DUSE_FULL_LL_DRIVER -c -I../Core/Inc -I"D:/2.WORK/VMC/Solar/SourceCode.z/SourceCode/MDSP/app/library" -I"D:/2.WORK/VMC/Solar/SourceCode.z/SourceCode/MDSP/app" -I"D:/2.WORK/VMC/Solar/SourceCode.z/SourceCode/MDSP/app/porting" -I"D:/2.WORK/VMC/Solar/SourceCode.z/SourceCode/MDSP/app/src_slave" -I"D:/2.WORK/VMC/Solar/SourceCode.z/SourceCode/MDSP/app/driver" -I"D:/2.WORK/VMC/Solar/SourceCode.z/SourceCode/MDSP/app/driver/control" -I../Drivers/STM32G4xx_HAL_Driver/Inc -I../Drivers/STM32G4xx_HAL_Driver/Inc/Legacy -I../Drivers/CMSIS/Device/ST/STM32G4xx/Include -I../Drivers/CMSIS/Include -O0 -ffunction-sections -fdata-sections -Wall -fstack-usage -MMD -MP -MF"app/tool/DLOG_4CH_F.d" -MT"app/tool/DLOG_4CH_F.o" --specs=nano.specs -mfpu=fpv4-sp-d16 -mfloat-abi=hard -mthumb -o "app/tool/DLOG_4CH_F.o"
arm-none-eabi-gcc "D:/2.WORK/VMC/Solar/SourceCode.z/SourceCode/MDSP/app/src_slave/app_main.c" -mcpu=cortex-m4 -std=gnu11 -g3 -DDEBUG '-DPI=3.14159265359' -DARM_MATH_CM4 -DUSE_HAL_DRIVER -DSTM32G474xx -DUSE_FULL_LL_DRIVER -c -I../Core/Inc -I"D:/2.WORK/VMC/Solar/SourceCode.z/SourceCode/MDSP/app/library" -I"D:/2.WORK/VMC/Solar/SourceCode.z/SourceCode/MDSP/app" -I"D:/2.WORK/VMC/Solar/SourceCode.z/SourceCode/MDSP/app/porting" -I"D:/2.WORK/VMC/Solar/SourceCode.z/SourceCode/MDSP/app/src_slave" -I"D:/2.WORK/VMC/Solar/SourceCode.z/SourceCode/MDSP/app/driver" -I"D:/2.WORK/VMC/Solar/SourceCode.z/SourceCode/MDSP/app/driver/control" -I../Drivers/STM32G4xx_HAL_Driver/Inc -I../Drivers/STM32G4xx_HAL_Driver/Inc/Legacy -I../Drivers/CMSIS/Device/ST/STM32G4xx/Include -I../Drivers/CMSIS/Include -O0 -ffunction-sections -fdata-sections -Wall -fstack-usage -MMD -MP -MF"app/src_slave/app_main.d" -MT"app/src_slave/app_main.o" --specs=nano.specs -mfpu=fpv4-sp-d16 -mfloat-abi=hard -mthumb -o "app/src_slave/app_main.o"
arm-none-eabi-gcc "D:/2.WORK/VMC/Solar/SourceCode.z/SourceCode/MDSP/app/src_slave/control_dcdcactiveclamp.c" -mcpu=cortex-m4 -std=gnu11 -g3 -DDEBUG '-DPI=3.14159265359' -DARM_MATH_CM4 -DUSE_HAL_DRIVER -DSTM32G474xx -DUSE_FULL_LL_DRIVER -c -I../Core/Inc -I"D:/2.WORK/VMC/Solar/SourceCode.z/SourceCode/MDSP/app/library" -I"D:/2.WORK/VMC/Solar/SourceCode.z/SourceCode/MDSP/app" -I"D:/2.WORK/VMC/Solar/SourceCode.z/SourceCode/MDSP/app/porting" -I"D:/2.WORK/VMC/Solar/SourceCode.z/SourceCode/MDSP/app/src_slave" -I"D:/2.WORK/VMC/Solar/SourceCode.z/SourceCode/MDSP/app/driver" -I"D:/2.WORK/VMC/Solar/SourceCode.z/SourceCode/MDSP/app/driver/control" -I../Drivers/STM32G4xx_HAL_Driver/Inc -I../Drivers/STM32G4xx_HAL_Driver/Inc/Legacy -I../Drivers/CMSIS/Device/ST/STM32G4xx/Include -I../Drivers/CMSIS/Include -O0 -ffunction-sections -fdata-sections -Wall -fstack-usage -MMD -MP -MF"app/src_slave/control_dcdcactiveclamp.d" -MT"app/src_slave/control_dcdcactiveclamp.o" --specs=nano.specs -mfpu=fpv4-sp-d16 -mfloat-abi=hard -mthumb -o "app/src_slave/control_dcdcactiveclamp.o"
arm-none-eabi-gcc "D:/2.WORK/VMC/Solar/SourceCode.z/SourceCode/MDSP/app/src_slave/manage_variable.c" -mcpu=cortex-m4 -std=gnu11 -g3 -DDEBUG '-DPI=3.14159265359' -DARM_MATH_CM4 -DUSE_HAL_DRIVER -DSTM32G474xx -DUSE_FULL_LL_DRIVER -c -I../Core/Inc -I"D:/2.WORK/VMC/Solar/SourceCode.z/SourceCode/MDSP/app/library" -I"D:/2.WORK/VMC/Solar/SourceCode.z/SourceCode/MDSP/app" -I"D:/2.WORK/VMC/Solar/SourceCode.z/SourceCode/MDSP/app/porting" -I"D:/2.WORK/VMC/Solar/SourceCode.z/SourceCode/MDSP/app/src_slave" -I"D:/2.WORK/VMC/Solar/SourceCode.z/SourceCode/MDSP/app/driver" -I"D:/2.WORK/VMC/Solar/SourceCode.z/SourceCode/MDSP/app/driver/control" -I../Drivers/STM32G4xx_HAL_Driver/Inc -I../Drivers/STM32G4xx_HAL_Driver/Inc/Legacy -I../Drivers/CMSIS/Device/ST/STM32G4xx/Include -I../Drivers/CMSIS/Include -O0 -ffunction-sections -fdata-sections -Wall -fstack-usage -MMD -MP -MF"app/src_slave/manage_variable.d" -MT"app/src_slave/manage_variable.o" --specs=nano.specs -mfpu=fpv4-sp-d16 -mfloat-abi=hard -mthumb -o "app/src_slave/manage_variable.o"
D:/2.WORK/VMC/Solar/SourceCode.z/SourceCode/MDSP/app/src_slave/control_dcdcactiveclamp.c:35:37: warning: 'test_plant_active_clamp_bat_out_coeffs' defined but not used [-Wunused-variable]
   35 | static ACTIVE_CLAMP_BAT_OUT_Coeffs  test_plant_active_clamp_bat_out_coeffs;
      |                                     ^~~~~~~~~~~~~~~~~~~~~~~~~~~~~~~~~~~~~~
D:/2.WORK/VMC/Solar/SourceCode.z/SourceCode/MDSP/app/src_slave/control_dcdcactiveclamp.c:21:12: warning: 'data_4' defined but not used [-Wunused-variable]
   21 |    data_3, data_4;
      |            ^~~~~~
D:/2.WORK/VMC/Solar/SourceCode.z/SourceCode/MDSP/app/src_slave/control_dcdcactiveclamp.c:21:4: warning: 'data_3' defined but not used [-Wunused-variable]
   21 |    data_3, data_4;
      |    ^~~~~~
D:/2.WORK/VMC/Solar/SourceCode.z/SourceCode/MDSP/app/src_slave/control_dcdcactiveclamp.c:20:22: warning: 'data_2' defined but not used [-Wunused-variable]
   20 | static float data_1, data_2,
      |                      ^~~~~~
D:/2.WORK/VMC/Solar/SourceCode.z/SourceCode/MDSP/app/src_slave/control_dcdcactiveclamp.c:20:14: warning: 'data_1' defined but not used [-Wunused-variable]
   20 | static float data_1, data_2,
      |              ^~~~~~
arm-none-eabi-gcc "D:/2.WORK/VMC/Solar/SourceCode.z/SourceCode/MDSP/app/src_slave/monitor_gui_value.c" -mcpu=cortex-m4 -std=gnu11 -g3 -DDEBUG '-DPI=3.14159265359' -DARM_MATH_CM4 -DUSE_HAL_DRIVER -DSTM32G474xx -DUSE_FULL_LL_DRIVER -c -I../Core/Inc -I"D:/2.WORK/VMC/Solar/SourceCode.z/SourceCode/MDSP/app/library" -I"D:/2.WORK/VMC/Solar/SourceCode.z/SourceCode/MDSP/app" -I"D:/2.WORK/VMC/Solar/SourceCode.z/SourceCode/MDSP/app/porting" -I"D:/2.WORK/VMC/Solar/SourceCode.z/SourceCode/MDSP/app/src_slave" -I"D:/2.WORK/VMC/Solar/SourceCode.z/SourceCode/MDSP/app/driver" -I"D:/2.WORK/VMC/Solar/SourceCode.z/SourceCode/MDSP/app/driver/control" -I../Drivers/STM32G4xx_HAL_Driver/Inc -I../Drivers/STM32G4xx_HAL_Driver/Inc/Legacy -I../Drivers/CMSIS/Device/ST/STM32G4xx/Include -I../Drivers/CMSIS/Include -O0 -ffunction-sections -fdata-sections -Wall -fstack-usage -MMD -MP -MF"app/src_slave/monitor_gui_value.d" -MT"app/src_slave/monitor_gui_value.o" --specs=nano.specs -mfpu=fpv4-sp-d16 -mfloat-abi=hard -mthumb -o "app/src_slave/monitor_gui_value.o"
arm-none-eabi-gcc "D:/2.WORK/VMC/Solar/SourceCode.z/SourceCode/MDSP/app/porting/timer/timer.c" -mcpu=cortex-m4 -std=gnu11 -g3 -DDEBUG '-DPI=3.14159265359' -DARM_MATH_CM4 -DUSE_HAL_DRIVER -DSTM32G474xx -DUSE_FULL_LL_DRIVER -c -I../Core/Inc -I"D:/2.WORK/VMC/Solar/SourceCode.z/SourceCode/MDSP/app/library" -I"D:/2.WORK/VMC/Solar/SourceCode.z/SourceCode/MDSP/app" -I"D:/2.WORK/VMC/Solar/SourceCode.z/SourceCode/MDSP/app/porting" -I"D:/2.WORK/VMC/Solar/SourceCode.z/SourceCode/MDSP/app/src_slave" -I"D:/2.WORK/VMC/Solar/SourceCode.z/SourceCode/MDSP/app/driver" -I"D:/2.WORK/VMC/Solar/SourceCode.z/SourceCode/MDSP/app/driver/control" -I../Drivers/STM32G4xx_HAL_Driver/Inc -I../Drivers/STM32G4xx_HAL_Driver/Inc/Legacy -I../Drivers/CMSIS/Device/ST/STM32G4xx/Include -I../Drivers/CMSIS/Include -O0 -ffunction-sections -fdata-sections -Wall -fstack-usage -MMD -MP -MF"app/porting/timer/timer.d" -MT"app/porting/timer/timer.o" --specs=nano.specs -mfpu=fpv4-sp-d16 -mfloat-abi=hard -mthumb -o "app/porting/timer/timer.o"
arm-none-eabi-gcc "D:/2.WORK/VMC/Solar/SourceCode.z/SourceCode/MDSP/app/porting/serial/serial.c" -mcpu=cortex-m4 -std=gnu11 -g3 -DDEBUG '-DPI=3.14159265359' -DARM_MATH_CM4 -DUSE_HAL_DRIVER -DSTM32G474xx -DUSE_FULL_LL_DRIVER -c -I../Core/Inc -I"D:/2.WORK/VMC/Solar/SourceCode.z/SourceCode/MDSP/app/library" -I"D:/2.WORK/VMC/Solar/SourceCode.z/SourceCode/MDSP/app" -I"D:/2.WORK/VMC/Solar/SourceCode.z/SourceCode/MDSP/app/porting" -I"D:/2.WORK/VMC/Solar/SourceCode.z/SourceCode/MDSP/app/src_slave" -I"D:/2.WORK/VMC/Solar/SourceCode.z/SourceCode/MDSP/app/driver" -I"D:/2.WORK/VMC/Solar/SourceCode.z/SourceCode/MDSP/app/driver/control" -I../Drivers/STM32G4xx_HAL_Driver/Inc -I../Drivers/STM32G4xx_HAL_Driver/Inc/Legacy -I../Drivers/CMSIS/Device/ST/STM32G4xx/Include -I../Drivers/CMSIS/Include -O0 -ffunction-sections -fdata-sections -Wall -fstack-usage -MMD -MP -MF"app/porting/serial/serial.d" -MT"app/porting/serial/serial.o" --specs=nano.specs -mfpu=fpv4-sp-d16 -mfloat-abi=hard -mthumb -o "app/porting/serial/serial.o"
arm-none-eabi-gcc "D:/2.WORK/VMC/Solar/SourceCode.z/SourceCode/MDSP/app/porting/hrtimer/hrtimer.c" -mcpu=cortex-m4 -std=gnu11 -g3 -DDEBUG '-DPI=3.14159265359' -DARM_MATH_CM4 -DUSE_HAL_DRIVER -DSTM32G474xx -DUSE_FULL_LL_DRIVER -c -I../Core/Inc -I"D:/2.WORK/VMC/Solar/SourceCode.z/SourceCode/MDSP/app/library" -I"D:/2.WORK/VMC/Solar/SourceCode.z/SourceCode/MDSP/app" -I"D:/2.WORK/VMC/Solar/SourceCode.z/SourceCode/MDSP/app/porting" -I"D:/2.WORK/VMC/Solar/SourceCode.z/SourceCode/MDSP/app/src_slave" -I"D:/2.WORK/VMC/Solar/SourceCode.z/SourceCode/MDSP/app/driver" -I"D:/2.WORK/VMC/Solar/SourceCode.z/SourceCode/MDSP/app/driver/control" -I../Drivers/STM32G4xx_HAL_Driver/Inc -I../Drivers/STM32G4xx_HAL_Driver/Inc/Legacy -I../Drivers/CMSIS/Device/ST/STM32G4xx/Include -I../Drivers/CMSIS/Include -O0 -ffunction-sections -fdata-sections -Wall -fstack-usage -MMD -MP -MF"app/porting/hrtimer/hrtimer.d" -MT"app/porting/hrtimer/hrtimer.o" --specs=nano.specs -mfpu=fpv4-sp-d16 -mfloat-abi=hard -mthumb -o "app/porting/hrtimer/hrtimer.o"
arm-none-eabi-gcc "D:/2.WORK/VMC/Solar/SourceCode.z/SourceCode/MDSP/app/porting/gpio/gpio.c" -mcpu=cortex-m4 -std=gnu11 -g3 -DDEBUG '-DPI=3.14159265359' -DARM_MATH_CM4 -DUSE_HAL_DRIVER -DSTM32G474xx -DUSE_FULL_LL_DRIVER -c -I../Core/Inc -I"D:/2.WORK/VMC/Solar/SourceCode.z/SourceCode/MDSP/app/library" -I"D:/2.WORK/VMC/Solar/SourceCode.z/SourceCode/MDSP/app" -I"D:/2.WORK/VMC/Solar/SourceCode.z/SourceCode/MDSP/app/porting" -I"D:/2.WORK/VMC/Solar/SourceCode.z/SourceCode/MDSP/app/src_slave" -I"D:/2.WORK/VMC/Solar/SourceCode.z/SourceCode/MDSP/app/driver" -I"D:/2.WORK/VMC/Solar/SourceCode.z/SourceCode/MDSP/app/driver/control" -I../Drivers/STM32G4xx_HAL_Driver/Inc -I../Drivers/STM32G4xx_HAL_Driver/Inc/Legacy -I../Drivers/CMSIS/Device/ST/STM32G4xx/Include -I../Drivers/CMSIS/Include -O0 -ffunction-sections -fdata-sections -Wall -fstack-usage -MMD -MP -MF"app/porting/gpio/gpio.d" -MT"app/porting/gpio/gpio.o" --specs=nano.specs -mfpu=fpv4-sp-d16 -mfloat-abi=hard -mthumb -o "app/porting/gpio/gpio.o"
arm-none-eabi-gcc "D:/2.WORK/VMC/Solar/SourceCode.z/SourceCode/MDSP/app/library/CNTL_2P2Z_F.c" -mcpu=cortex-m4 -std=gnu11 -g3 -DDEBUG '-DPI=3.14159265359' -DARM_MATH_CM4 -DUSE_HAL_DRIVER -DSTM32G474xx -DUSE_FULL_LL_DRIVER -c -I../Core/Inc -I"D:/2.WORK/VMC/Solar/SourceCode.z/SourceCode/MDSP/app/library" -I"D:/2.WORK/VMC/Solar/SourceCode.z/SourceCode/MDSP/app" -I"D:/2.WORK/VMC/Solar/SourceCode.z/SourceCode/MDSP/app/porting" -I"D:/2.WORK/VMC/Solar/SourceCode.z/SourceCode/MDSP/app/src_slave" -I"D:/2.WORK/VMC/Solar/SourceCode.z/SourceCode/MDSP/app/driver" -I"D:/2.WORK/VMC/Solar/SourceCode.z/SourceCode/MDSP/app/driver/control" -I../Drivers/STM32G4xx_HAL_Driver/Inc -I../Drivers/STM32G4xx_HAL_Driver/Inc/Legacy -I../Drivers/CMSIS/Device/ST/STM32G4xx/Include -I../Drivers/CMSIS/Include -O0 -ffunction-sections -fdata-sections -Wall -fstack-usage -MMD -MP -MF"app/library/CNTL_2P2Z_F.d" -MT"app/library/CNTL_2P2Z_F.o" --specs=nano.specs -mfpu=fpv4-sp-d16 -mfloat-abi=hard -mthumb -o "app/library/CNTL_2P2Z_F.o"
arm-none-eabi-gcc "D:/2.WORK/VMC/Solar/SourceCode.z/SourceCode/MDSP/app/library/SPLL_1ph_SOGI_F.c" -mcpu=cortex-m4 -std=gnu11 -g3 -DDEBUG '-DPI=3.14159265359' -DARM_MATH_CM4 -DUSE_HAL_DRIVER -DSTM32G474xx -DUSE_FULL_LL_DRIVER -c -I../Core/Inc -I"D:/2.WORK/VMC/Solar/SourceCode.z/SourceCode/MDSP/app/library" -I"D:/2.WORK/VMC/Solar/SourceCode.z/SourceCode/MDSP/app" -I"D:/2.WORK/VMC/Solar/SourceCode.z/SourceCode/MDSP/app/porting" -I"D:/2.WORK/VMC/Solar/SourceCode.z/SourceCode/MDSP/app/src_slave" -I"D:/2.WORK/VMC/Solar/SourceCode.z/SourceCode/MDSP/app/driver" -I"D:/2.WORK/VMC/Solar/SourceCode.z/SourceCode/MDSP/app/driver/control" -I../Drivers/STM32G4xx_HAL_Driver/Inc -I../Drivers/STM32G4xx_HAL_Driver/Inc/Legacy -I../Drivers/CMSIS/Device/ST/STM32G4xx/Include -I../Drivers/CMSIS/Include -O0 -ffunction-sections -fdata-sections -Wall -fstack-usage -MMD -MP -MF"app/library/SPLL_1ph_SOGI_F.d" -MT"app/library/SPLL_1ph_SOGI_F.o" --specs=nano.specs -mfpu=fpv4-sp-d16 -mfloat-abi=hard -mthumb -o "app/library/SPLL_1ph_SOGI_F.o"
arm-none-eabi-gcc "D:/2.WORK/VMC/Solar/SourceCode.z/SourceCode/MDSP/app/driver/control/driver_dcdc_activeclamp.c" -mcpu=cortex-m4 -std=gnu11 -g3 -DDEBUG '-DPI=3.14159265359' -DARM_MATH_CM4 -DUSE_HAL_DRIVER -DSTM32G474xx -DUSE_FULL_LL_DRIVER -c -I../Core/Inc -I"D:/2.WORK/VMC/Solar/SourceCode.z/SourceCode/MDSP/app/library" -I"D:/2.WORK/VMC/Solar/SourceCode.z/SourceCode/MDSP/app" -I"D:/2.WORK/VMC/Solar/SourceCode.z/SourceCode/MDSP/app/porting" -I"D:/2.WORK/VMC/Solar/SourceCode.z/SourceCode/MDSP/app/src_slave" -I"D:/2.WORK/VMC/Solar/SourceCode.z/SourceCode/MDSP/app/driver" -I"D:/2.WORK/VMC/Solar/SourceCode.z/SourceCode/MDSP/app/driver/control" -I../Drivers/STM32G4xx_HAL_Driver/Inc -I../Drivers/STM32G4xx_HAL_Driver/Inc/Legacy -I../Drivers/CMSIS/Device/ST/STM32G4xx/Include -I../Drivers/CMSIS/Include -O0 -ffunction-sections -fdata-sections -Wall -fstack-usage -MMD -MP -MF"app/driver/control/driver_dcdc_activeclamp.d" -MT"app/driver/control/driver_dcdc_activeclamp.o" --specs=nano.specs -mfpu=fpv4-sp-d16 -mfloat-abi=hard -mthumb -o "app/driver/control/driver_dcdc_activeclamp.o"
arm-none-eabi-gcc "D:/2.WORK/VMC/Solar/SourceCode.z/SourceCode/MDSP/app/driver/control/pin_func.c" -mcpu=cortex-m4 -std=gnu11 -g3 -DDEBUG '-DPI=3.14159265359' -DARM_MATH_CM4 -DUSE_HAL_DRIVER -DSTM32G474xx -DUSE_FULL_LL_DRIVER -c -I../Core/Inc -I"D:/2.WORK/VMC/Solar/SourceCode.z/SourceCode/MDSP/app/library" -I"D:/2.WORK/VMC/Solar/SourceCode.z/SourceCode/MDSP/app" -I"D:/2.WORK/VMC/Solar/SourceCode.z/SourceCode/MDSP/app/porting" -I"D:/2.WORK/VMC/Solar/SourceCode.z/SourceCode/MDSP/app/src_slave" -I"D:/2.WORK/VMC/Solar/SourceCode.z/SourceCode/MDSP/app/driver" -I"D:/2.WORK/VMC/Solar/SourceCode.z/SourceCode/MDSP/app/driver/control" -I../Drivers/STM32G4xx_HAL_Driver/Inc -I../Drivers/STM32G4xx_HAL_Driver/Inc/Legacy -I../Drivers/CMSIS/Device/ST/STM32G4xx/Include -I../Drivers/CMSIS/Include -O0 -ffunction-sections -fdata-sections -Wall -fstack-usage -MMD -MP -MF"app/driver/control/pin_func.d" -MT"app/driver/control/pin_func.o" --specs=nano.specs -mfpu=fpv4-sp-d16 -mfloat-abi=hard -mthumb -o "app/driver/control/pin_func.o"
arm-none-eabi-gcc "D:/2.WORK/VMC/Solar/SourceCode.z/SourceCode/MDSP/app/driver/com/modbus/modbus_master_for_slave.c" -mcpu=cortex-m4 -std=gnu11 -g3 -DDEBUG '-DPI=3.14159265359' -DARM_MATH_CM4 -DUSE_HAL_DRIVER -DSTM32G474xx -DUSE_FULL_LL_DRIVER -c -I../Core/Inc -I"D:/2.WORK/VMC/Solar/SourceCode.z/SourceCode/MDSP/app/library" -I"D:/2.WORK/VMC/Solar/SourceCode.z/SourceCode/MDSP/app" -I"D:/2.WORK/VMC/Solar/SourceCode.z/SourceCode/MDSP/app/porting" -I"D:/2.WORK/VMC/Solar/SourceCode.z/SourceCode/MDSP/app/src_slave" -I"D:/2.WORK/VMC/Solar/SourceCode.z/SourceCode/MDSP/app/driver" -I"D:/2.WORK/VMC/Solar/SourceCode.z/SourceCode/MDSP/app/driver/control" -I../Drivers/STM32G4xx_HAL_Driver/Inc -I../Drivers/STM32G4xx_HAL_Driver/Inc/Legacy -I../Drivers/CMSIS/Device/ST/STM32G4xx/Include -I../Drivers/CMSIS/Include -O0 -ffunction-sections -fdata-sections -Wall -fstack-usage -MMD -MP -MF"app/driver/com/modbus/modbus_master_for_slave.d" -MT"app/driver/com/modbus/modbus_master_for_slave.o" --specs=nano.specs -mfpu=fpv4-sp-d16 -mfloat-abi=hard -mthumb -o "app/driver/com/modbus/modbus_master_for_slave.o"
arm-none-eabi-gcc "D:/2.WORK/VMC/Solar/SourceCode.z/SourceCode/MDSP/app/common/common.c" -mcpu=cortex-m4 -std=gnu11 -g3 -DDEBUG '-DPI=3.14159265359' -DARM_MATH_CM4 -DUSE_HAL_DRIVER -DSTM32G474xx -DUSE_FULL_LL_DRIVER -c -I../Core/Inc -I"D:/2.WORK/VMC/Solar/SourceCode.z/SourceCode/MDSP/app/library" -I"D:/2.WORK/VMC/Solar/SourceCode.z/SourceCode/MDSP/app" -I"D:/2.WORK/VMC/Solar/SourceCode.z/SourceCode/MDSP/app/porting" -I"D:/2.WORK/VMC/Solar/SourceCode.z/SourceCode/MDSP/app/src_slave" -I"D:/2.WORK/VMC/Solar/SourceCode.z/SourceCode/MDSP/app/driver" -I"D:/2.WORK/VMC/Solar/SourceCode.z/SourceCode/MDSP/app/driver/control" -I../Drivers/STM32G4xx_HAL_Driver/Inc -I../Drivers/STM32G4xx_HAL_Driver/Inc/Legacy -I../Drivers/CMSIS/Device/ST/STM32G4xx/Include -I../Drivers/CMSIS/Include -O0 -ffunction-sections -fdata-sections -Wall -fstack-usage -MMD -MP -MF"app/common/common.d" -MT"app/common/common.o" --specs=nano.specs -mfpu=fpv4-sp-d16 -mfloat-abi=hard -mthumb -o "app/common/common.o"
arm-none-eabi-gcc "D:/2.WORK/VMC/Solar/SourceCode.z/SourceCode/MDSP/app/common/fifo.c" -mcpu=cortex-m4 -std=gnu11 -g3 -DDEBUG '-DPI=3.14159265359' -DARM_MATH_CM4 -DUSE_HAL_DRIVER -DSTM32G474xx -DUSE_FULL_LL_DRIVER -c -I../Core/Inc -I"D:/2.WORK/VMC/Solar/SourceCode.z/SourceCode/MDSP/app/library" -I"D:/2.WORK/VMC/Solar/SourceCode.z/SourceCode/MDSP/app" -I"D:/2.WORK/VMC/Solar/SourceCode.z/SourceCode/MDSP/app/porting" -I"D:/2.WORK/VMC/Solar/SourceCode.z/SourceCode/MDSP/app/src_slave" -I"D:/2.WORK/VMC/Solar/SourceCode.z/SourceCode/MDSP/app/driver" -I"D:/2.WORK/VMC/Solar/SourceCode.z/SourceCode/MDSP/app/driver/control" -I../Drivers/STM32G4xx_HAL_Driver/Inc -I../Drivers/STM32G4xx_HAL_Driver/Inc/Legacy -I../Drivers/CMSIS/Device/ST/STM32G4xx/Include -I../Drivers/CMSIS/Include -O0 -ffunction-sections -fdata-sections -Wall -fstack-usage -MMD -MP -MF"app/common/fifo.d" -MT"app/common/fifo.o" --specs=nano.specs -mfpu=fpv4-sp-d16 -mfloat-abi=hard -mthumb -o "app/common/fifo.o"
arm-none-eabi-gcc "../Drivers/STM32G4xx_HAL_Driver/Src/stm32g4xx_hal.c" -mcpu=cortex-m4 -std=gnu11 -g3 -DDEBUG '-DPI=3.14159265359' -DARM_MATH_CM4 -DUSE_HAL_DRIVER -DSTM32G474xx -DUSE_FULL_LL_DRIVER -c -I../Core/Inc -I"D:/2.WORK/VMC/Solar/SourceCode.z/SourceCode/MDSP/app/library" -I"D:/2.WORK/VMC/Solar/SourceCode.z/SourceCode/MDSP/app" -I"D:/2.WORK/VMC/Solar/SourceCode.z/SourceCode/MDSP/app/porting" -I"D:/2.WORK/VMC/Solar/SourceCode.z/SourceCode/MDSP/app/src_slave" -I"D:/2.WORK/VMC/Solar/SourceCode.z/SourceCode/MDSP/app/driver" -I"D:/2.WORK/VMC/Solar/SourceCode.z/SourceCode/MDSP/app/driver/control" -I../Drivers/STM32G4xx_HAL_Driver/Inc -I../Drivers/STM32G4xx_HAL_Driver/Inc/Legacy -I../Drivers/CMSIS/Device/ST/STM32G4xx/Include -I../Drivers/CMSIS/Include -O0 -ffunction-sections -fdata-sections -Wall -fstack-usage -MMD -MP -MF"Drivers/STM32G4xx_HAL_Driver/Src/stm32g4xx_hal.d" -MT"Drivers/STM32G4xx_HAL_Driver/Src/stm32g4xx_hal.o" --specs=nano.specs -mfpu=fpv4-sp-d16 -mfloat-abi=hard -mthumb -o "Drivers/STM32G4xx_HAL_Driver/Src/stm32g4xx_hal.o"
arm-none-eabi-gcc "../Drivers/STM32G4xx_HAL_Driver/Src/stm32g4xx_hal_cortex.c" -mcpu=cortex-m4 -std=gnu11 -g3 -DDEBUG '-DPI=3.14159265359' -DARM_MATH_CM4 -DUSE_HAL_DRIVER -DSTM32G474xx -DUSE_FULL_LL_DRIVER -c -I../Core/Inc -I"D:/2.WORK/VMC/Solar/SourceCode.z/SourceCode/MDSP/app/library" -I"D:/2.WORK/VMC/Solar/SourceCode.z/SourceCode/MDSP/app" -I"D:/2.WORK/VMC/Solar/SourceCode.z/SourceCode/MDSP/app/porting" -I"D:/2.WORK/VMC/Solar/SourceCode.z/SourceCode/MDSP/app/src_slave" -I"D:/2.WORK/VMC/Solar/SourceCode.z/SourceCode/MDSP/app/driver" -I"D:/2.WORK/VMC/Solar/SourceCode.z/SourceCode/MDSP/app/driver/control" -I../Drivers/STM32G4xx_HAL_Driver/Inc -I../Drivers/STM32G4xx_HAL_Driver/Inc/Legacy -I../Drivers/CMSIS/Device/ST/STM32G4xx/Include -I../Drivers/CMSIS/Include -O0 -ffunction-sections -fdata-sections -Wall -fstack-usage -MMD -MP -MF"Drivers/STM32G4xx_HAL_Driver/Src/stm32g4xx_hal_cortex.d" -MT"Drivers/STM32G4xx_HAL_Driver/Src/stm32g4xx_hal_cortex.o" --specs=nano.specs -mfpu=fpv4-sp-d16 -mfloat-abi=hard -mthumb -o "Drivers/STM32G4xx_HAL_Driver/Src/stm32g4xx_hal_cortex.o"
arm-none-eabi-gcc "../Drivers/STM32G4xx_HAL_Driver/Src/stm32g4xx_hal_dma.c" -mcpu=cortex-m4 -std=gnu11 -g3 -DDEBUG '-DPI=3.14159265359' -DARM_MATH_CM4 -DUSE_HAL_DRIVER -DSTM32G474xx -DUSE_FULL_LL_DRIVER -c -I../Core/Inc -I"D:/2.WORK/VMC/Solar/SourceCode.z/SourceCode/MDSP/app/library" -I"D:/2.WORK/VMC/Solar/SourceCode.z/SourceCode/MDSP/app" -I"D:/2.WORK/VMC/Solar/SourceCode.z/SourceCode/MDSP/app/porting" -I"D:/2.WORK/VMC/Solar/SourceCode.z/SourceCode/MDSP/app/src_slave" -I"D:/2.WORK/VMC/Solar/SourceCode.z/SourceCode/MDSP/app/driver" -I"D:/2.WORK/VMC/Solar/SourceCode.z/SourceCode/MDSP/app/driver/control" -I../Drivers/STM32G4xx_HAL_Driver/Inc -I../Drivers/STM32G4xx_HAL_Driver/Inc/Legacy -I../Drivers/CMSIS/Device/ST/STM32G4xx/Include -I../Drivers/CMSIS/Include -O0 -ffunction-sections -fdata-sections -Wall -fstack-usage -MMD -MP -MF"Drivers/STM32G4xx_HAL_Driver/Src/stm32g4xx_hal_dma.d" -MT"Drivers/STM32G4xx_HAL_Driver/Src/stm32g4xx_hal_dma.o" --specs=nano.specs -mfpu=fpv4-sp-d16 -mfloat-abi=hard -mthumb -o "Drivers/STM32G4xx_HAL_Driver/Src/stm32g4xx_hal_dma.o"
arm-none-eabi-gcc "../Drivers/STM32G4xx_HAL_Driver/Src/stm32g4xx_hal_dma_ex.c" -mcpu=cortex-m4 -std=gnu11 -g3 -DDEBUG '-DPI=3.14159265359' -DARM_MATH_CM4 -DUSE_HAL_DRIVER -DSTM32G474xx -DUSE_FULL_LL_DRIVER -c -I../Core/Inc -I"D:/2.WORK/VMC/Solar/SourceCode.z/SourceCode/MDSP/app/library" -I"D:/2.WORK/VMC/Solar/SourceCode.z/SourceCode/MDSP/app" -I"D:/2.WORK/VMC/Solar/SourceCode.z/SourceCode/MDSP/app/porting" -I"D:/2.WORK/VMC/Solar/SourceCode.z/SourceCode/MDSP/app/src_slave" -I"D:/2.WORK/VMC/Solar/SourceCode.z/SourceCode/MDSP/app/driver" -I"D:/2.WORK/VMC/Solar/SourceCode.z/SourceCode/MDSP/app/driver/control" -I../Drivers/STM32G4xx_HAL_Driver/Inc -I../Drivers/STM32G4xx_HAL_Driver/Inc/Legacy -I../Drivers/CMSIS/Device/ST/STM32G4xx/Include -I../Drivers/CMSIS/Include -O0 -ffunction-sections -fdata-sections -Wall -fstack-usage -MMD -MP -MF"Drivers/STM32G4xx_HAL_Driver/Src/stm32g4xx_hal_dma_ex.d" -MT"Drivers/STM32G4xx_HAL_Driver/Src/stm32g4xx_hal_dma_ex.o" --specs=nano.specs -mfpu=fpv4-sp-d16 -mfloat-abi=hard -mthumb -o "Drivers/STM32G4xx_HAL_Driver/Src/stm32g4xx_hal_dma_ex.o"
arm-none-eabi-gcc "../Drivers/STM32G4xx_HAL_Driver/Src/stm32g4xx_hal_exti.c" -mcpu=cortex-m4 -std=gnu11 -g3 -DDEBUG '-DPI=3.14159265359' -DARM_MATH_CM4 -DUSE_HAL_DRIVER -DSTM32G474xx -DUSE_FULL_LL_DRIVER -c -I../Core/Inc -I"D:/2.WORK/VMC/Solar/SourceCode.z/SourceCode/MDSP/app/library" -I"D:/2.WORK/VMC/Solar/SourceCode.z/SourceCode/MDSP/app" -I"D:/2.WORK/VMC/Solar/SourceCode.z/SourceCode/MDSP/app/porting" -I"D:/2.WORK/VMC/Solar/SourceCode.z/SourceCode/MDSP/app/src_slave" -I"D:/2.WORK/VMC/Solar/SourceCode.z/SourceCode/MDSP/app/driver" -I"D:/2.WORK/VMC/Solar/SourceCode.z/SourceCode/MDSP/app/driver/control" -I../Drivers/STM32G4xx_HAL_Driver/Inc -I../Drivers/STM32G4xx_HAL_Driver/Inc/Legacy -I../Drivers/CMSIS/Device/ST/STM32G4xx/Include -I../Drivers/CMSIS/Include -O0 -ffunction-sections -fdata-sections -Wall -fstack-usage -MMD -MP -MF"Drivers/STM32G4xx_HAL_Driver/Src/stm32g4xx_hal_exti.d" -MT"Drivers/STM32G4xx_HAL_Driver/Src/stm32g4xx_hal_exti.o" --specs=nano.specs -mfpu=fpv4-sp-d16 -mfloat-abi=hard -mthumb -o "Drivers/STM32G4xx_HAL_Driver/Src/stm32g4xx_hal_exti.o"
arm-none-eabi-gcc "../Drivers/STM32G4xx_HAL_Driver/Src/stm32g4xx_hal_flash.c" -mcpu=cortex-m4 -std=gnu11 -g3 -DDEBUG '-DPI=3.14159265359' -DARM_MATH_CM4 -DUSE_HAL_DRIVER -DSTM32G474xx -DUSE_FULL_LL_DRIVER -c -I../Core/Inc -I"D:/2.WORK/VMC/Solar/SourceCode.z/SourceCode/MDSP/app/library" -I"D:/2.WORK/VMC/Solar/SourceCode.z/SourceCode/MDSP/app" -I"D:/2.WORK/VMC/Solar/SourceCode.z/SourceCode/MDSP/app/porting" -I"D:/2.WORK/VMC/Solar/SourceCode.z/SourceCode/MDSP/app/src_slave" -I"D:/2.WORK/VMC/Solar/SourceCode.z/SourceCode/MDSP/app/driver" -I"D:/2.WORK/VMC/Solar/SourceCode.z/SourceCode/MDSP/app/driver/control" -I../Drivers/STM32G4xx_HAL_Driver/Inc -I../Drivers/STM32G4xx_HAL_Driver/Inc/Legacy -I../Drivers/CMSIS/Device/ST/STM32G4xx/Include -I../Drivers/CMSIS/Include -O0 -ffunction-sections -fdata-sections -Wall -fstack-usage -MMD -MP -MF"Drivers/STM32G4xx_HAL_Driver/Src/stm32g4xx_hal_flash.d" -MT"Drivers/STM32G4xx_HAL_Driver/Src/stm32g4xx_hal_flash.o" --specs=nano.specs -mfpu=fpv4-sp-d16 -mfloat-abi=hard -mthumb -o "Drivers/STM32G4xx_HAL_Driver/Src/stm32g4xx_hal_flash.o"
arm-none-eabi-gcc "../Drivers/STM32G4xx_HAL_Driver/Src/stm32g4xx_hal_flash_ex.c" -mcpu=cortex-m4 -std=gnu11 -g3 -DDEBUG '-DPI=3.14159265359' -DARM_MATH_CM4 -DUSE_HAL_DRIVER -DSTM32G474xx -DUSE_FULL_LL_DRIVER -c -I../Core/Inc -I"D:/2.WORK/VMC/Solar/SourceCode.z/SourceCode/MDSP/app/library" -I"D:/2.WORK/VMC/Solar/SourceCode.z/SourceCode/MDSP/app" -I"D:/2.WORK/VMC/Solar/SourceCode.z/SourceCode/MDSP/app/porting" -I"D:/2.WORK/VMC/Solar/SourceCode.z/SourceCode/MDSP/app/src_slave" -I"D:/2.WORK/VMC/Solar/SourceCode.z/SourceCode/MDSP/app/driver" -I"D:/2.WORK/VMC/Solar/SourceCode.z/SourceCode/MDSP/app/driver/control" -I../Drivers/STM32G4xx_HAL_Driver/Inc -I../Drivers/STM32G4xx_HAL_Driver/Inc/Legacy -I../Drivers/CMSIS/Device/ST/STM32G4xx/Include -I../Drivers/CMSIS/Include -O0 -ffunction-sections -fdata-sections -Wall -fstack-usage -MMD -MP -MF"Drivers/STM32G4xx_HAL_Driver/Src/stm32g4xx_hal_flash_ex.d" -MT"Drivers/STM32G4xx_HAL_Driver/Src/stm32g4xx_hal_flash_ex.o" --specs=nano.specs -mfpu=fpv4-sp-d16 -mfloat-abi=hard -mthumb -o "Drivers/STM32G4xx_HAL_Driver/Src/stm32g4xx_hal_flash_ex.o"
arm-none-eabi-gcc "../Drivers/STM32G4xx_HAL_Driver/Src/stm32g4xx_hal_flash_ramfunc.c" -mcpu=cortex-m4 -std=gnu11 -g3 -DDEBUG '-DPI=3.14159265359' -DARM_MATH_CM4 -DUSE_HAL_DRIVER -DSTM32G474xx -DUSE_FULL_LL_DRIVER -c -I../Core/Inc -I"D:/2.WORK/VMC/Solar/SourceCode.z/SourceCode/MDSP/app/library" -I"D:/2.WORK/VMC/Solar/SourceCode.z/SourceCode/MDSP/app" -I"D:/2.WORK/VMC/Solar/SourceCode.z/SourceCode/MDSP/app/porting" -I"D:/2.WORK/VMC/Solar/SourceCode.z/SourceCode/MDSP/app/src_slave" -I"D:/2.WORK/VMC/Solar/SourceCode.z/SourceCode/MDSP/app/driver" -I"D:/2.WORK/VMC/Solar/SourceCode.z/SourceCode/MDSP/app/driver/control" -I../Drivers/STM32G4xx_HAL_Driver/Inc -I../Drivers/STM32G4xx_HAL_Driver/Inc/Legacy -I../Drivers/CMSIS/Device/ST/STM32G4xx/Include -I../Drivers/CMSIS/Include -O0 -ffunction-sections -fdata-sections -Wall -fstack-usage -MMD -MP -MF"Drivers/STM32G4xx_HAL_Driver/Src/stm32g4xx_hal_flash_ramfunc.d" -MT"Drivers/STM32G4xx_HAL_Driver/Src/stm32g4xx_hal_flash_ramfunc.o" --specs=nano.specs -mfpu=fpv4-sp-d16 -mfloat-abi=hard -mthumb -o "Drivers/STM32G4xx_HAL_Driver/Src/stm32g4xx_hal_flash_ramfunc.o"
arm-none-eabi-gcc "../Drivers/STM32G4xx_HAL_Driver/Src/stm32g4xx_hal_gpio.c" -mcpu=cortex-m4 -std=gnu11 -g3 -DDEBUG '-DPI=3.14159265359' -DARM_MATH_CM4 -DUSE_HAL_DRIVER -DSTM32G474xx -DUSE_FULL_LL_DRIVER -c -I../Core/Inc -I"D:/2.WORK/VMC/Solar/SourceCode.z/SourceCode/MDSP/app/library" -I"D:/2.WORK/VMC/Solar/SourceCode.z/SourceCode/MDSP/app" -I"D:/2.WORK/VMC/Solar/SourceCode.z/SourceCode/MDSP/app/porting" -I"D:/2.WORK/VMC/Solar/SourceCode.z/SourceCode/MDSP/app/src_slave" -I"D:/2.WORK/VMC/Solar/SourceCode.z/SourceCode/MDSP/app/driver" -I"D:/2.WORK/VMC/Solar/SourceCode.z/SourceCode/MDSP/app/driver/control" -I../Drivers/STM32G4xx_HAL_Driver/Inc -I../Drivers/STM32G4xx_HAL_Driver/Inc/Legacy -I../Drivers/CMSIS/Device/ST/STM32G4xx/Include -I../Drivers/CMSIS/Include -O0 -ffunction-sections -fdata-sections -Wall -fstack-usage -MMD -MP -MF"Drivers/STM32G4xx_HAL_Driver/Src/stm32g4xx_hal_gpio.d" -MT"Drivers/STM32G4xx_HAL_Driver/Src/stm32g4xx_hal_gpio.o" --specs=nano.specs -mfpu=fpv4-sp-d16 -mfloat-abi=hard -mthumb -o "Drivers/STM32G4xx_HAL_Driver/Src/stm32g4xx_hal_gpio.o"
arm-none-eabi-gcc "../Drivers/STM32G4xx_HAL_Driver/Src/stm32g4xx_hal_pwr.c" -mcpu=cortex-m4 -std=gnu11 -g3 -DDEBUG '-DPI=3.14159265359' -DARM_MATH_CM4 -DUSE_HAL_DRIVER -DSTM32G474xx -DUSE_FULL_LL_DRIVER -c -I../Core/Inc -I"D:/2.WORK/VMC/Solar/SourceCode.z/SourceCode/MDSP/app/library" -I"D:/2.WORK/VMC/Solar/SourceCode.z/SourceCode/MDSP/app" -I"D:/2.WORK/VMC/Solar/SourceCode.z/SourceCode/MDSP/app/porting" -I"D:/2.WORK/VMC/Solar/SourceCode.z/SourceCode/MDSP/app/src_slave" -I"D:/2.WORK/VMC/Solar/SourceCode.z/SourceCode/MDSP/app/driver" -I"D:/2.WORK/VMC/Solar/SourceCode.z/SourceCode/MDSP/app/driver/control" -I../Drivers/STM32G4xx_HAL_Driver/Inc -I../Drivers/STM32G4xx_HAL_Driver/Inc/Legacy -I../Drivers/CMSIS/Device/ST/STM32G4xx/Include -I../Drivers/CMSIS/Include -O0 -ffunction-sections -fdata-sections -Wall -fstack-usage -MMD -MP -MF"Drivers/STM32G4xx_HAL_Driver/Src/stm32g4xx_hal_pwr.d" -MT"Drivers/STM32G4xx_HAL_Driver/Src/stm32g4xx_hal_pwr.o" --specs=nano.specs -mfpu=fpv4-sp-d16 -mfloat-abi=hard -mthumb -o "Drivers/STM32G4xx_HAL_Driver/Src/stm32g4xx_hal_pwr.o"
arm-none-eabi-gcc "../Drivers/STM32G4xx_HAL_Driver/Src/stm32g4xx_hal_pwr_ex.c" -mcpu=cortex-m4 -std=gnu11 -g3 -DDEBUG '-DPI=3.14159265359' -DARM_MATH_CM4 -DUSE_HAL_DRIVER -DSTM32G474xx -DUSE_FULL_LL_DRIVER -c -I../Core/Inc -I"D:/2.WORK/VMC/Solar/SourceCode.z/SourceCode/MDSP/app/library" -I"D:/2.WORK/VMC/Solar/SourceCode.z/SourceCode/MDSP/app" -I"D:/2.WORK/VMC/Solar/SourceCode.z/SourceCode/MDSP/app/porting" -I"D:/2.WORK/VMC/Solar/SourceCode.z/SourceCode/MDSP/app/src_slave" -I"D:/2.WORK/VMC/Solar/SourceCode.z/SourceCode/MDSP/app/driver" -I"D:/2.WORK/VMC/Solar/SourceCode.z/SourceCode/MDSP/app/driver/control" -I../Drivers/STM32G4xx_HAL_Driver/Inc -I../Drivers/STM32G4xx_HAL_Driver/Inc/Legacy -I../Drivers/CMSIS/Device/ST/STM32G4xx/Include -I../Drivers/CMSIS/Include -O0 -ffunction-sections -fdata-sections -Wall -fstack-usage -MMD -MP -MF"Drivers/STM32G4xx_HAL_Driver/Src/stm32g4xx_hal_pwr_ex.d" -MT"Drivers/STM32G4xx_HAL_Driver/Src/stm32g4xx_hal_pwr_ex.o" --specs=nano.specs -mfpu=fpv4-sp-d16 -mfloat-abi=hard -mthumb -o "Drivers/STM32G4xx_HAL_Driver/Src/stm32g4xx_hal_pwr_ex.o"
arm-none-eabi-gcc "../Drivers/STM32G4xx_HAL_Driver/Src/stm32g4xx_hal_rcc.c" -mcpu=cortex-m4 -std=gnu11 -g3 -DDEBUG '-DPI=3.14159265359' -DARM_MATH_CM4 -DUSE_HAL_DRIVER -DSTM32G474xx -DUSE_FULL_LL_DRIVER -c -I../Core/Inc -I"D:/2.WORK/VMC/Solar/SourceCode.z/SourceCode/MDSP/app/library" -I"D:/2.WORK/VMC/Solar/SourceCode.z/SourceCode/MDSP/app" -I"D:/2.WORK/VMC/Solar/SourceCode.z/SourceCode/MDSP/app/porting" -I"D:/2.WORK/VMC/Solar/SourceCode.z/SourceCode/MDSP/app/src_slave" -I"D:/2.WORK/VMC/Solar/SourceCode.z/SourceCode/MDSP/app/driver" -I"D:/2.WORK/VMC/Solar/SourceCode.z/SourceCode/MDSP/app/driver/control" -I../Drivers/STM32G4xx_HAL_Driver/Inc -I../Drivers/STM32G4xx_HAL_Driver/Inc/Legacy -I../Drivers/CMSIS/Device/ST/STM32G4xx/Include -I../Drivers/CMSIS/Include -O0 -ffunction-sections -fdata-sections -Wall -fstack-usage -MMD -MP -MF"Drivers/STM32G4xx_HAL_Driver/Src/stm32g4xx_hal_rcc.d" -MT"Drivers/STM32G4xx_HAL_Driver/Src/stm32g4xx_hal_rcc.o" --specs=nano.specs -mfpu=fpv4-sp-d16 -mfloat-abi=hard -mthumb -o "Drivers/STM32G4xx_HAL_Driver/Src/stm32g4xx_hal_rcc.o"
arm-none-eabi-gcc "../Drivers/STM32G4xx_HAL_Driver/Src/stm32g4xx_hal_rcc_ex.c" -mcpu=cortex-m4 -std=gnu11 -g3 -DDEBUG '-DPI=3.14159265359' -DARM_MATH_CM4 -DUSE_HAL_DRIVER -DSTM32G474xx -DUSE_FULL_LL_DRIVER -c -I../Core/Inc -I"D:/2.WORK/VMC/Solar/SourceCode.z/SourceCode/MDSP/app/library" -I"D:/2.WORK/VMC/Solar/SourceCode.z/SourceCode/MDSP/app" -I"D:/2.WORK/VMC/Solar/SourceCode.z/SourceCode/MDSP/app/porting" -I"D:/2.WORK/VMC/Solar/SourceCode.z/SourceCode/MDSP/app/src_slave" -I"D:/2.WORK/VMC/Solar/SourceCode.z/SourceCode/MDSP/app/driver" -I"D:/2.WORK/VMC/Solar/SourceCode.z/SourceCode/MDSP/app/driver/control" -I../Drivers/STM32G4xx_HAL_Driver/Inc -I../Drivers/STM32G4xx_HAL_Driver/Inc/Legacy -I../Drivers/CMSIS/Device/ST/STM32G4xx/Include -I../Drivers/CMSIS/Include -O0 -ffunction-sections -fdata-sections -Wall -fstack-usage -MMD -MP -MF"Drivers/STM32G4xx_HAL_Driver/Src/stm32g4xx_hal_rcc_ex.d" -MT"Drivers/STM32G4xx_HAL_Driver/Src/stm32g4xx_hal_rcc_ex.o" --specs=nano.specs -mfpu=fpv4-sp-d16 -mfloat-abi=hard -mthumb -o "Drivers/STM32G4xx_HAL_Driver/Src/stm32g4xx_hal_rcc_ex.o"
arm-none-eabi-gcc "../Drivers/STM32G4xx_HAL_Driver/Src/stm32g4xx_hal_tim.c" -mcpu=cortex-m4 -std=gnu11 -g3 -DDEBUG '-DPI=3.14159265359' -DARM_MATH_CM4 -DUSE_HAL_DRIVER -DSTM32G474xx -DUSE_FULL_LL_DRIVER -c -I../Core/Inc -I"D:/2.WORK/VMC/Solar/SourceCode.z/SourceCode/MDSP/app/library" -I"D:/2.WORK/VMC/Solar/SourceCode.z/SourceCode/MDSP/app" -I"D:/2.WORK/VMC/Solar/SourceCode.z/SourceCode/MDSP/app/porting" -I"D:/2.WORK/VMC/Solar/SourceCode.z/SourceCode/MDSP/app/src_slave" -I"D:/2.WORK/VMC/Solar/SourceCode.z/SourceCode/MDSP/app/driver" -I"D:/2.WORK/VMC/Solar/SourceCode.z/SourceCode/MDSP/app/driver/control" -I../Drivers/STM32G4xx_HAL_Driver/Inc -I../Drivers/STM32G4xx_HAL_Driver/Inc/Legacy -I../Drivers/CMSIS/Device/ST/STM32G4xx/Include -I../Drivers/CMSIS/Include -O0 -ffunction-sections -fdata-sections -Wall -fstack-usage -MMD -MP -MF"Drivers/STM32G4xx_HAL_Driver/Src/stm32g4xx_hal_tim.d" -MT"Drivers/STM32G4xx_HAL_Driver/Src/stm32g4xx_hal_tim.o" --specs=nano.specs -mfpu=fpv4-sp-d16 -mfloat-abi=hard -mthumb -o "Drivers/STM32G4xx_HAL_Driver/Src/stm32g4xx_hal_tim.o"
arm-none-eabi-gcc "../Drivers/STM32G4xx_HAL_Driver/Src/stm32g4xx_hal_tim_ex.c" -mcpu=cortex-m4 -std=gnu11 -g3 -DDEBUG '-DPI=3.14159265359' -DARM_MATH_CM4 -DUSE_HAL_DRIVER -DSTM32G474xx -DUSE_FULL_LL_DRIVER -c -I../Core/Inc -I"D:/2.WORK/VMC/Solar/SourceCode.z/SourceCode/MDSP/app/library" -I"D:/2.WORK/VMC/Solar/SourceCode.z/SourceCode/MDSP/app" -I"D:/2.WORK/VMC/Solar/SourceCode.z/SourceCode/MDSP/app/porting" -I"D:/2.WORK/VMC/Solar/SourceCode.z/SourceCode/MDSP/app/src_slave" -I"D:/2.WORK/VMC/Solar/SourceCode.z/SourceCode/MDSP/app/driver" -I"D:/2.WORK/VMC/Solar/SourceCode.z/SourceCode/MDSP/app/driver/control" -I../Drivers/STM32G4xx_HAL_Driver/Inc -I../Drivers/STM32G4xx_HAL_Driver/Inc/Legacy -I../Drivers/CMSIS/Device/ST/STM32G4xx/Include -I../Drivers/CMSIS/Include -O0 -ffunction-sections -fdata-sections -Wall -fstack-usage -MMD -MP -MF"Drivers/STM32G4xx_HAL_Driver/Src/stm32g4xx_hal_tim_ex.d" -MT"Drivers/STM32G4xx_HAL_Driver/Src/stm32g4xx_hal_tim_ex.o" --specs=nano.specs -mfpu=fpv4-sp-d16 -mfloat-abi=hard -mthumb -o "Drivers/STM32G4xx_HAL_Driver/Src/stm32g4xx_hal_tim_ex.o"
arm-none-eabi-gcc "../Drivers/STM32G4xx_HAL_Driver/Src/stm32g4xx_hal_uart.c" -mcpu=cortex-m4 -std=gnu11 -g3 -DDEBUG '-DPI=3.14159265359' -DARM_MATH_CM4 -DUSE_HAL_DRIVER -DSTM32G474xx -DUSE_FULL_LL_DRIVER -c -I../Core/Inc -I"D:/2.WORK/VMC/Solar/SourceCode.z/SourceCode/MDSP/app/library" -I"D:/2.WORK/VMC/Solar/SourceCode.z/SourceCode/MDSP/app" -I"D:/2.WORK/VMC/Solar/SourceCode.z/SourceCode/MDSP/app/porting" -I"D:/2.WORK/VMC/Solar/SourceCode.z/SourceCode/MDSP/app/src_slave" -I"D:/2.WORK/VMC/Solar/SourceCode.z/SourceCode/MDSP/app/driver" -I"D:/2.WORK/VMC/Solar/SourceCode.z/SourceCode/MDSP/app/driver/control" -I../Drivers/STM32G4xx_HAL_Driver/Inc -I../Drivers/STM32G4xx_HAL_Driver/Inc/Legacy -I../Drivers/CMSIS/Device/ST/STM32G4xx/Include -I../Drivers/CMSIS/Include -O0 -ffunction-sections -fdata-sections -Wall -fstack-usage -MMD -MP -MF"Drivers/STM32G4xx_HAL_Driver/Src/stm32g4xx_hal_uart.d" -MT"Drivers/STM32G4xx_HAL_Driver/Src/stm32g4xx_hal_uart.o" --specs=nano.specs -mfpu=fpv4-sp-d16 -mfloat-abi=hard -mthumb -o "Drivers/STM32G4xx_HAL_Driver/Src/stm32g4xx_hal_uart.o"
arm-none-eabi-gcc "../Drivers/STM32G4xx_HAL_Driver/Src/stm32g4xx_hal_uart_ex.c" -mcpu=cortex-m4 -std=gnu11 -g3 -DDEBUG '-DPI=3.14159265359' -DARM_MATH_CM4 -DUSE_HAL_DRIVER -DSTM32G474xx -DUSE_FULL_LL_DRIVER -c -I../Core/Inc -I"D:/2.WORK/VMC/Solar/SourceCode.z/SourceCode/MDSP/app/library" -I"D:/2.WORK/VMC/Solar/SourceCode.z/SourceCode/MDSP/app" -I"D:/2.WORK/VMC/Solar/SourceCode.z/SourceCode/MDSP/app/porting" -I"D:/2.WORK/VMC/Solar/SourceCode.z/SourceCode/MDSP/app/src_slave" -I"D:/2.WORK/VMC/Solar/SourceCode.z/SourceCode/MDSP/app/driver" -I"D:/2.WORK/VMC/Solar/SourceCode.z/SourceCode/MDSP/app/driver/control" -I../Drivers/STM32G4xx_HAL_Driver/Inc -I../Drivers/STM32G4xx_HAL_Driver/Inc/Legacy -I../Drivers/CMSIS/Device/ST/STM32G4xx/Include -I../Drivers/CMSIS/Include -O0 -ffunction-sections -fdata-sections -Wall -fstack-usage -MMD -MP -MF"Drivers/STM32G4xx_HAL_Driver/Src/stm32g4xx_hal_uart_ex.d" -MT"Drivers/STM32G4xx_HAL_Driver/Src/stm32g4xx_hal_uart_ex.o" --specs=nano.specs -mfpu=fpv4-sp-d16 -mfloat-abi=hard -mthumb -o "Drivers/STM32G4xx_HAL_Driver/Src/stm32g4xx_hal_uart_ex.o"
arm-none-eabi-gcc "../Drivers/STM32G4xx_HAL_Driver/Src/stm32g4xx_ll_dma.c" -mcpu=cortex-m4 -std=gnu11 -g3 -DDEBUG '-DPI=3.14159265359' -DARM_MATH_CM4 -DUSE_HAL_DRIVER -DSTM32G474xx -DUSE_FULL_LL_DRIVER -c -I../Core/Inc -I"D:/2.WORK/VMC/Solar/SourceCode.z/SourceCode/MDSP/app/library" -I"D:/2.WORK/VMC/Solar/SourceCode.z/SourceCode/MDSP/app" -I"D:/2.WORK/VMC/Solar/SourceCode.z/SourceCode/MDSP/app/porting" -I"D:/2.WORK/VMC/Solar/SourceCode.z/SourceCode/MDSP/app/src_slave" -I"D:/2.WORK/VMC/Solar/SourceCode.z/SourceCode/MDSP/app/driver" -I"D:/2.WORK/VMC/Solar/SourceCode.z/SourceCode/MDSP/app/driver/control" -I../Drivers/STM32G4xx_HAL_Driver/Inc -I../Drivers/STM32G4xx_HAL_Driver/Inc/Legacy -I../Drivers/CMSIS/Device/ST/STM32G4xx/Include -I../Drivers/CMSIS/Include -O0 -ffunction-sections -fdata-sections -Wall -fstack-usage -MMD -MP -MF"Drivers/STM32G4xx_HAL_Driver/Src/stm32g4xx_ll_dma.d" -MT"Drivers/STM32G4xx_HAL_Driver/Src/stm32g4xx_ll_dma.o" --specs=nano.specs -mfpu=fpv4-sp-d16 -mfloat-abi=hard -mthumb -o "Drivers/STM32G4xx_HAL_Driver/Src/stm32g4xx_ll_dma.o"
arm-none-eabi-gcc "../Drivers/STM32G4xx_HAL_Driver/Src/stm32g4xx_ll_exti.c" -mcpu=cortex-m4 -std=gnu11 -g3 -DDEBUG '-DPI=3.14159265359' -DARM_MATH_CM4 -DUSE_HAL_DRIVER -DSTM32G474xx -DUSE_FULL_LL_DRIVER -c -I../Core/Inc -I"D:/2.WORK/VMC/Solar/SourceCode.z/SourceCode/MDSP/app/library" -I"D:/2.WORK/VMC/Solar/SourceCode.z/SourceCode/MDSP/app" -I"D:/2.WORK/VMC/Solar/SourceCode.z/SourceCode/MDSP/app/porting" -I"D:/2.WORK/VMC/Solar/SourceCode.z/SourceCode/MDSP/app/src_slave" -I"D:/2.WORK/VMC/Solar/SourceCode.z/SourceCode/MDSP/app/driver" -I"D:/2.WORK/VMC/Solar/SourceCode.z/SourceCode/MDSP/app/driver/control" -I../Drivers/STM32G4xx_HAL_Driver/Inc -I../Drivers/STM32G4xx_HAL_Driver/Inc/Legacy -I../Drivers/CMSIS/Device/ST/STM32G4xx/Include -I../Drivers/CMSIS/Include -O0 -ffunction-sections -fdata-sections -Wall -fstack-usage -MMD -MP -MF"Drivers/STM32G4xx_HAL_Driver/Src/stm32g4xx_ll_exti.d" -MT"Drivers/STM32G4xx_HAL_Driver/Src/stm32g4xx_ll_exti.o" --specs=nano.specs -mfpu=fpv4-sp-d16 -mfloat-abi=hard -mthumb -o "Drivers/STM32G4xx_HAL_Driver/Src/stm32g4xx_ll_exti.o"
arm-none-eabi-gcc "../Drivers/STM32G4xx_HAL_Driver/Src/stm32g4xx_ll_gpio.c" -mcpu=cortex-m4 -std=gnu11 -g3 -DDEBUG '-DPI=3.14159265359' -DARM_MATH_CM4 -DUSE_HAL_DRIVER -DSTM32G474xx -DUSE_FULL_LL_DRIVER -c -I../Core/Inc -I"D:/2.WORK/VMC/Solar/SourceCode.z/SourceCode/MDSP/app/library" -I"D:/2.WORK/VMC/Solar/SourceCode.z/SourceCode/MDSP/app" -I"D:/2.WORK/VMC/Solar/SourceCode.z/SourceCode/MDSP/app/porting" -I"D:/2.WORK/VMC/Solar/SourceCode.z/SourceCode/MDSP/app/src_slave" -I"D:/2.WORK/VMC/Solar/SourceCode.z/SourceCode/MDSP/app/driver" -I"D:/2.WORK/VMC/Solar/SourceCode.z/SourceCode/MDSP/app/driver/control" -I../Drivers/STM32G4xx_HAL_Driver/Inc -I../Drivers/STM32G4xx_HAL_Driver/Inc/Legacy -I../Drivers/CMSIS/Device/ST/STM32G4xx/Include -I../Drivers/CMSIS/Include -O0 -ffunction-sections -fdata-sections -Wall -fstack-usage -MMD -MP -MF"Drivers/STM32G4xx_HAL_Driver/Src/stm32g4xx_ll_gpio.d" -MT"Drivers/STM32G4xx_HAL_Driver/Src/stm32g4xx_ll_gpio.o" --specs=nano.specs -mfpu=fpv4-sp-d16 -mfloat-abi=hard -mthumb -o "Drivers/STM32G4xx_HAL_Driver/Src/stm32g4xx_ll_gpio.o"
arm-none-eabi-gcc "../Drivers/STM32G4xx_HAL_Driver/Src/stm32g4xx_ll_hrtim.c" -mcpu=cortex-m4 -std=gnu11 -g3 -DDEBUG '-DPI=3.14159265359' -DARM_MATH_CM4 -DUSE_HAL_DRIVER -DSTM32G474xx -DUSE_FULL_LL_DRIVER -c -I../Core/Inc -I"D:/2.WORK/VMC/Solar/SourceCode.z/SourceCode/MDSP/app/library" -I"D:/2.WORK/VMC/Solar/SourceCode.z/SourceCode/MDSP/app" -I"D:/2.WORK/VMC/Solar/SourceCode.z/SourceCode/MDSP/app/porting" -I"D:/2.WORK/VMC/Solar/SourceCode.z/SourceCode/MDSP/app/src_slave" -I"D:/2.WORK/VMC/Solar/SourceCode.z/SourceCode/MDSP/app/driver" -I"D:/2.WORK/VMC/Solar/SourceCode.z/SourceCode/MDSP/app/driver/control" -I../Drivers/STM32G4xx_HAL_Driver/Inc -I../Drivers/STM32G4xx_HAL_Driver/Inc/Legacy -I../Drivers/CMSIS/Device/ST/STM32G4xx/Include -I../Drivers/CMSIS/Include -O0 -ffunction-sections -fdata-sections -Wall -fstack-usage -MMD -MP -MF"Drivers/STM32G4xx_HAL_Driver/Src/stm32g4xx_ll_hrtim.d" -MT"Drivers/STM32G4xx_HAL_Driver/Src/stm32g4xx_ll_hrtim.o" --specs=nano.specs -mfpu=fpv4-sp-d16 -mfloat-abi=hard -mthumb -o "Drivers/STM32G4xx_HAL_Driver/Src/stm32g4xx_ll_hrtim.o"
arm-none-eabi-gcc "../Drivers/STM32G4xx_HAL_Driver/Src/stm32g4xx_ll_utils.c" -mcpu=cortex-m4 -std=gnu11 -g3 -DDEBUG '-DPI=3.14159265359' -DARM_MATH_CM4 -DUSE_HAL_DRIVER -DSTM32G474xx -DUSE_FULL_LL_DRIVER -c -I../Core/Inc -I"D:/2.WORK/VMC/Solar/SourceCode.z/SourceCode/MDSP/app/library" -I"D:/2.WORK/VMC/Solar/SourceCode.z/SourceCode/MDSP/app" -I"D:/2.WORK/VMC/Solar/SourceCode.z/SourceCode/MDSP/app/porting" -I"D:/2.WORK/VMC/Solar/SourceCode.z/SourceCode/MDSP/app/src_slave" -I"D:/2.WORK/VMC/Solar/SourceCode.z/SourceCode/MDSP/app/driver" -I"D:/2.WORK/VMC/Solar/SourceCode.z/SourceCode/MDSP/app/driver/control" -I../Drivers/STM32G4xx_HAL_Driver/Inc -I../Drivers/STM32G4xx_HAL_Driver/Inc/Legacy -I../Drivers/CMSIS/Device/ST/STM32G4xx/Include -I../Drivers/CMSIS/Include -O0 -ffunction-sections -fdata-sections -Wall -fstack-usage -MMD -MP -MF"Drivers/STM32G4xx_HAL_Driver/Src/stm32g4xx_ll_utils.d" -MT"Drivers/STM32G4xx_HAL_Driver/Src/stm32g4xx_ll_utils.o" --specs=nano.specs -mfpu=fpv4-sp-d16 -mfloat-abi=hard -mthumb -o "Drivers/STM32G4xx_HAL_Driver/Src/stm32g4xx_ll_utils.o"
arm-none-eabi-gcc -mcpu=cortex-m4 -g3 -DDEBUG -c -x assembler-with-cpp -MMD -MP -MF"Core/Startup/startup_stm32g474vctx.d" -MT"Core/Startup/startup_stm32g474vctx.o" --specs=nano.specs -mfpu=fpv4-sp-d16 -mfloat-abi=hard -mthumb -o "Core/Startup/startup_stm32g474vctx.o" "../Core/Startup/startup_stm32g474vctx.s"
arm-none-eabi-gcc "../Core/Src/main.c" -mcpu=cortex-m4 -std=gnu11 -g3 -DDEBUG '-DPI=3.14159265359' -DARM_MATH_CM4 -DUSE_HAL_DRIVER -DSTM32G474xx -DUSE_FULL_LL_DRIVER -c -I../Core/Inc -I"D:/2.WORK/VMC/Solar/SourceCode.z/SourceCode/MDSP/app/library" -I"D:/2.WORK/VMC/Solar/SourceCode.z/SourceCode/MDSP/app" -I"D:/2.WORK/VMC/Solar/SourceCode.z/SourceCode/MDSP/app/porting" -I"D:/2.WORK/VMC/Solar/SourceCode.z/SourceCode/MDSP/app/src_slave" -I"D:/2.WORK/VMC/Solar/SourceCode.z/SourceCode/MDSP/app/driver" -I"D:/2.WORK/VMC/Solar/SourceCode.z/SourceCode/MDSP/app/driver/control" -I../Drivers/STM32G4xx_HAL_Driver/Inc -I../Drivers/STM32G4xx_HAL_Driver/Inc/Legacy -I../Drivers/CMSIS/Device/ST/STM32G4xx/Include -I../Drivers/CMSIS/Include -O0 -ffunction-sections -fdata-sections -Wall -fstack-usage -MMD -MP -MF"Core/Src/main.d" -MT"Core/Src/main.o" --specs=nano.specs -mfpu=fpv4-sp-d16 -mfloat-abi=hard -mthumb -o "Core/Src/main.o"
arm-none-eabi-gcc "../Core/Src/stm32g4xx_hal_msp.c" -mcpu=cortex-m4 -std=gnu11 -g3 -DDEBUG '-DPI=3.14159265359' -DARM_MATH_CM4 -DUSE_HAL_DRIVER -DSTM32G474xx -DUSE_FULL_LL_DRIVER -c -I../Core/Inc -I"D:/2.WORK/VMC/Solar/SourceCode.z/SourceCode/MDSP/app/library" -I"D:/2.WORK/VMC/Solar/SourceCode.z/SourceCode/MDSP/app" -I"D:/2.WORK/VMC/Solar/SourceCode.z/SourceCode/MDSP/app/porting" -I"D:/2.WORK/VMC/Solar/SourceCode.z/SourceCode/MDSP/app/src_slave" -I"D:/2.WORK/VMC/Solar/SourceCode.z/SourceCode/MDSP/app/driver" -I"D:/2.WORK/VMC/Solar/SourceCode.z/SourceCode/MDSP/app/driver/control" -I../Drivers/STM32G4xx_HAL_Driver/Inc -I../Drivers/STM32G4xx_HAL_Driver/Inc/Legacy -I../Drivers/CMSIS/Device/ST/STM32G4xx/Include -I../Drivers/CMSIS/Include -O0 -ffunction-sections -fdata-sections -Wall -fstack-usage -MMD -MP -MF"Core/Src/stm32g4xx_hal_msp.d" -MT"Core/Src/stm32g4xx_hal_msp.o" --specs=nano.specs -mfpu=fpv4-sp-d16 -mfloat-abi=hard -mthumb -o "Core/Src/stm32g4xx_hal_msp.o"
arm-none-eabi-gcc "../Core/Src/stm32g4xx_it.c" -mcpu=cortex-m4 -std=gnu11 -g3 -DDEBUG '-DPI=3.14159265359' -DARM_MATH_CM4 -DUSE_HAL_DRIVER -DSTM32G474xx -DUSE_FULL_LL_DRIVER -c -I../Core/Inc -I"D:/2.WORK/VMC/Solar/SourceCode.z/SourceCode/MDSP/app/library" -I"D:/2.WORK/VMC/Solar/SourceCode.z/SourceCode/MDSP/app" -I"D:/2.WORK/VMC/Solar/SourceCode.z/SourceCode/MDSP/app/porting" -I"D:/2.WORK/VMC/Solar/SourceCode.z/SourceCode/MDSP/app/src_slave" -I"D:/2.WORK/VMC/Solar/SourceCode.z/SourceCode/MDSP/app/driver" -I"D:/2.WORK/VMC/Solar/SourceCode.z/SourceCode/MDSP/app/driver/control" -I../Drivers/STM32G4xx_HAL_Driver/Inc -I../Drivers/STM32G4xx_HAL_Driver/Inc/Legacy -I../Drivers/CMSIS/Device/ST/STM32G4xx/Include -I../Drivers/CMSIS/Include -O0 -ffunction-sections -fdata-sections -Wall -fstack-usage -MMD -MP -MF"Core/Src/stm32g4xx_it.d" -MT"Core/Src/stm32g4xx_it.o" --specs=nano.specs -mfpu=fpv4-sp-d16 -mfloat-abi=hard -mthumb -o "Core/Src/stm32g4xx_it.o"
arm-none-eabi-gcc "../Core/Src/syscalls.c" -mcpu=cortex-m4 -std=gnu11 -g3 -DDEBUG '-DPI=3.14159265359' -DARM_MATH_CM4 -DUSE_HAL_DRIVER -DSTM32G474xx -DUSE_FULL_LL_DRIVER -c -I../Core/Inc -I"D:/2.WORK/VMC/Solar/SourceCode.z/SourceCode/MDSP/app/library" -I"D:/2.WORK/VMC/Solar/SourceCode.z/SourceCode/MDSP/app" -I"D:/2.WORK/VMC/Solar/SourceCode.z/SourceCode/MDSP/app/porting" -I"D:/2.WORK/VMC/Solar/SourceCode.z/SourceCode/MDSP/app/src_slave" -I"D:/2.WORK/VMC/Solar/SourceCode.z/SourceCode/MDSP/app/driver" -I"D:/2.WORK/VMC/Solar/SourceCode.z/SourceCode/MDSP/app/driver/control" -I../Drivers/STM32G4xx_HAL_Driver/Inc -I../Drivers/STM32G4xx_HAL_Driver/Inc/Legacy -I../Drivers/CMSIS/Device/ST/STM32G4xx/Include -I../Drivers/CMSIS/Include -O0 -ffunction-sections -fdata-sections -Wall -fstack-usage -MMD -MP -MF"Core/Src/syscalls.d" -MT"Core/Src/syscalls.o" --specs=nano.specs -mfpu=fpv4-sp-d16 -mfloat-abi=hard -mthumb -o "Core/Src/syscalls.o"
../Core/Src/stm32g4xx_it.c: In function 'SysTick_Handler':
../Core/Src/stm32g4xx_it.c:190:2: warning: implicit declaration of function 'TimerTick1kHz' [-Wimplicit-function-declaration]
  190 |  TimerTick1kHz();
      |  ^~~~~~~~~~~~~
arm-none-eabi-gcc "../Core/Src/sysmem.c" -mcpu=cortex-m4 -std=gnu11 -g3 -DDEBUG '-DPI=3.14159265359' -DARM_MATH_CM4 -DUSE_HAL_DRIVER -DSTM32G474xx -DUSE_FULL_LL_DRIVER -c -I../Core/Inc -I"D:/2.WORK/VMC/Solar/SourceCode.z/SourceCode/MDSP/app/library" -I"D:/2.WORK/VMC/Solar/SourceCode.z/SourceCode/MDSP/app" -I"D:/2.WORK/VMC/Solar/SourceCode.z/SourceCode/MDSP/app/porting" -I"D:/2.WORK/VMC/Solar/SourceCode.z/SourceCode/MDSP/app/src_slave" -I"D:/2.WORK/VMC/Solar/SourceCode.z/SourceCode/MDSP/app/driver" -I"D:/2.WORK/VMC/Solar/SourceCode.z/SourceCode/MDSP/app/driver/control" -I../Drivers/STM32G4xx_HAL_Driver/Inc -I../Drivers/STM32G4xx_HAL_Driver/Inc/Legacy -I../Drivers/CMSIS/Device/ST/STM32G4xx/Include -I../Drivers/CMSIS/Include -O0 -ffunction-sections -fdata-sections -Wall -fstack-usage -MMD -MP -MF"Core/Src/sysmem.d" -MT"Core/Src/sysmem.o" --specs=nano.specs -mfpu=fpv4-sp-d16 -mfloat-abi=hard -mthumb -o "Core/Src/sysmem.o"
arm-none-eabi-gcc "../Core/Src/system_stm32g4xx.c" -mcpu=cortex-m4 -std=gnu11 -g3 -DDEBUG '-DPI=3.14159265359' -DARM_MATH_CM4 -DUSE_HAL_DRIVER -DSTM32G474xx -DUSE_FULL_LL_DRIVER -c -I../Core/Inc -I"D:/2.WORK/VMC/Solar/SourceCode.z/SourceCode/MDSP/app/library" -I"D:/2.WORK/VMC/Solar/SourceCode.z/SourceCode/MDSP/app" -I"D:/2.WORK/VMC/Solar/SourceCode.z/SourceCode/MDSP/app/porting" -I"D:/2.WORK/VMC/Solar/SourceCode.z/SourceCode/MDSP/app/src_slave" -I"D:/2.WORK/VMC/Solar/SourceCode.z/SourceCode/MDSP/app/driver" -I"D:/2.WORK/VMC/Solar/SourceCode.z/SourceCode/MDSP/app/driver/control" -I../Drivers/STM32G4xx_HAL_Driver/Inc -I../Drivers/STM32G4xx_HAL_Driver/Inc/Legacy -I../Drivers/CMSIS/Device/ST/STM32G4xx/Include -I../Drivers/CMSIS/Include -O0 -ffunction-sections -fdata-sections -Wall -fstack-usage -MMD -MP -MF"Core/Src/system_stm32g4xx.d" -MT"Core/Src/system_stm32g4xx.o" --specs=nano.specs -mfpu=fpv4-sp-d16 -mfloat-abi=hard -mthumb -o "Core/Src/system_stm32g4xx.o"
arm-none-eabi-gcc -o "SDSP.elf" @"objects.list"  -l:libarm_cortexM4lf_math.a -mcpu=cortex-m4 -T"D:\2.WORK\VMC\Solar\SourceCode.z\SourceCode\SDSP\STM32G474VCTX_FLASH.ld" --specs=nosys.specs -Wl,-Map="SDSP.map" -Wl,--gc-sections -static -L../Middlewares/ST/ARM/DSP/Lib --specs=nano.specs -mfpu=fpv4-sp-d16 -mfloat-abi=hard -mthumb -Wl,--start-group -lc -lm -Wl,--end-group
Finished building target: SDSP.elf
 
arm-none-eabi-size   SDSP.elf 
arm-none-eabi-objdump -h -S  SDSP.elf  > "SDSP.list"
   text	   data	    bss	    dec	    hex	filename
  30176	    476	   4020	  34672	   8770	SDSP.elf
Finished building: default.size.stdout
 
Finished building: SDSP.list
 

15:04:03 Build Finished. 0 errors, 6 warnings. (took 11s.204ms)

